// Vitest Snapshot v1, https://vitest.dev/guide/snapshot.html

exports[`Element > mount component 1`] = `"<a is=\\"test-link\\" data-attr=\\"test\\" :scope=\\"test-link\\" :defined=\\"\\" stringprop=\\"test\\" booleanprop=\\"\\" numericprop=\\"1\\"><span class=\\"text\\">test</span><span class=\\"boolean\\">true</span><span class=\\"number\\">1</span><span class=\\"object\\">{\\"test\\":true}</span></a>"`;

exports[`Element > mount component 2`] = `"<a is=\\"test-link\\" data-attr=\\"test\\" :scope=\\"test-link\\" :defined=\\"\\" stringprop=\\"changed\\" booleanprop=\\"\\" numericprop=\\"1\\"><span class=\\"text\\">changed</span><span class=\\"boolean\\">true</span><span class=\\"number\\">1</span><span class=\\"object\\">{\\"test\\":true}</span></a>"`;
